<?xml version="1.0" encoding="UTF-8"?>
<testsuites tests="54" failures="4" errors="7" time="18.307">
  <testsuite name="Spider Core Tests" tests="10" failures="0" errors="0" time="0.250">
    <testcase name="TestSpiderConfig.test_spider_config_creation" time="0.000"/>
    <testcase name="TestSpiderConfig.test_spider_config_defaults" time="0.000"/>
    <testcase name="TestSpider.test_get_urls_default" time="0.031"/>
    <testcase name="TestSpider.test_parse_response_default" time="0.021"/>
    <testcase name="TestSpider.test_save_results" time="0.021"/>
    <testcase name="TestSpider.test_spider_config_loading" time="0.019"/>
    <testcase name="TestSpider.test_spider_config_not_found" time="0.019"/>
    <testcase name="TestSpider.test_spider_initialization" time="0.019"/>
    <testcase name="TestSpider.test_spider_invalid_target" time="0.000"/>
    <testcase name="TestSpiderIntegration.test_spider_full_workflow" time="0.119"/>
  </testsuite>
  <testsuite name="Utils Module Tests" tests="16" failures="4" errors="0" time="17.171">
    <testcase name="TestDataProcessor.test_clean_text" time="0.001">
      <failure message="断言失败: 期望 Hello World，实际 Hello World ">Traceback (most recent call last):
  File &quot;/workspace/tests/test_framework.py&quot;, line 221, in _run_test_case
    method()
    ~~~~~~^^
  File &quot;/workspace/tests/test_utils.py&quot;, line 91, in test_clean_text
    self.assert_equal(clean_text, &quot;Hello World&quot;)
    ~~~~~~~~~~~~~~~~~^^^^^^^^^^^^^^^^^^^^^^^^^^^
  File &quot;/workspace/tests/test_framework.py&quot;, line 77, in assert_equal
    raise AssertionError(f&quot;断言失败: {message or f&#39;期望 {expected}，实际 {actual}&#39;}&quot;)
tests.test_framework.AssertionError: 断言失败: 期望 Hello World，实际 Hello World 
</failure>
    </testcase>
    <testcase name="TestDataProcessor.test_extract_by_rules" time="0.001"/>
    <testcase name="TestDataProcessor.test_extract_images" time="0.000"/>
    <testcase name="TestDataProcessor.test_extract_links" time="0.000"/>
    <testcase name="TestDataProcessor.test_extract_text" time="0.000"/>
    <testcase name="TestDataProcessor.test_parse_html" time="0.000"/>
    <testcase name="TestDataProcessor.test_parse_html_invalid" time="0.000"/>
    <testcase name="TestStorage.test_load_json" time="0.002"/>
    <testcase name="TestStorage.test_load_json_nonexistent" time="0.000"/>
    <testcase name="TestStorage.test_save_csv" time="0.003"/>
    <testcase name="TestStorage.test_save_empty_data" time="0.001"/>
    <testcase name="TestStorage.test_save_excel" time="0.058"/>
    <testcase name="TestStorage.test_save_json" time="0.002"/>
    <testcase name="TestRequestHandler.test_fetch_max_retries_exceeded" time="3.028">
      <failure message="断言失败: 应该尝试2次请求">Traceback (most recent call last):
  File &quot;/workspace/tests/test_framework.py&quot;, line 219, in _run_test_case
    await method()
  File &quot;/workspace/tests/test_utils.py&quot;, line 294, in test_fetch_max_retries_exceeded
    self.assert_equal(len(requests), 2, &quot;应该尝试2次请求&quot;)
    ~~~~~~~~~~~~~~~~~^^^^^^^^^^^^^^^^^^^^^^^^^^^^^^^^^^^^^
  File &quot;/workspace/tests/test_framework.py&quot;, line 77, in assert_equal
    raise AssertionError(f&quot;断言失败: {message or f&#39;期望 {expected}，实际 {actual}&#39;}&quot;)
tests.test_framework.AssertionError: 断言失败: 应该尝试2次请求
</failure>
    </testcase>
    <testcase name="TestRequestHandler.test_fetch_retry_on_server_error" time="7.038">
      <failure message="断言失败: 期望不为None，实际为None">Traceback (most recent call last):
  File &quot;/workspace/tests/test_framework.py&quot;, line 219, in _run_test_case
    await method()
  File &quot;/workspace/tests/test_utils.py&quot;, line 279, in test_fetch_retry_on_server_error
    self.assert_is_not_none(response)
    ~~~~~~~~~~~~~~~~~~~~~~~^^^^^^^^^^
  File &quot;/workspace/tests/test_framework.py&quot;, line 107, in assert_is_not_none
    raise AssertionError(f&quot;断言失败: {message or &#39;期望不为None，实际为None&#39;}&quot;)
tests.test_framework.AssertionError: 断言失败: 期望不为None，实际为None
</failure>
    </testcase>
    <testcase name="TestRequestHandler.test_fetch_success" time="7.033">
      <failure message="断言失败: 期望不为None，实际为None">Traceback (most recent call last):
  File &quot;/workspace/tests/test_framework.py&quot;, line 219, in _run_test_case
    await method()
  File &quot;/workspace/tests/test_utils.py&quot;, line 253, in test_fetch_success
    self.assert_is_not_none(response)
    ~~~~~~~~~~~~~~~~~~~~~~~^^^^^^^^^^
  File &quot;/workspace/tests/test_framework.py&quot;, line 107, in assert_is_not_none
    raise AssertionError(f&quot;断言失败: {message or &#39;期望不为None，实际为None&#39;}&quot;)
tests.test_framework.AssertionError: 断言失败: 期望不为None，实际为None
</failure>
    </testcase>
  </testsuite>
  <testsuite name="Mobile Module Tests" tests="20" failures="0" errors="7" time="0.411">
    <testcase name="TestAndroidEmulator.test_connect_device" time="0.100"/>
    <testcase name="TestAndroidEmulator.test_get_device_info" time="0.000"/>
    <testcase name="TestAndroidEmulator.test_install_app" time="0.100"/>
    <testcase name="TestAndroidEmulator.test_start_emulator" time="0.100"/>
    <testcase name="TestAndroidEmulator.test_stop_emulator" time="0.100"/>
    <testcase name="TestAndroidEmulator.test_take_screenshot" time="0.000"/>
    <testcase name="TestAppiumHandler.test_click_element" time="0.001"/>
    <testcase name="TestAppiumHandler.test_find_element" time="0.001"/>
    <testcase name="TestAppiumHandler.test_get_text" time="0.001"/>
    <testcase name="TestAppiumHandler.test_input_text" time="0.001"/>
    <testcase name="TestAppiumHandler.test_scroll_down" time="0.000"/>
    <testcase name="TestAppiumHandler.test_take_screenshot" time="0.000"/>
    <testcase name="TestMobileSpider.test_mobile_config_loading" time="0.001">
      <error message="SpiderConfig.__init__() got an unexpected keyword argument &#39;avd_name&#39;">Traceback (most recent call last):
  File &quot;/workspace/tests/test_framework.py&quot;, line 219, in _run_test_case
    await method()
  File &quot;/workspace/tests/test_mobile.py&quot;, line 233, in test_mobile_config_loading
    spider = MobileSpider(
        target=&quot;mobile_test&quot;,
        config_path=self.config_file,
        logger=self.logger
    )
  File &quot;/workspace/mobile_spider.py&quot;, line 55, in __init__
    super().__init__(target, config_path, workers, logger)
    ~~~~~~~~~~~~~~~~^^^^^^^^^^^^^^^^^^^^^^^^^^^^^^^^^^^^^^
  File &quot;/workspace/spider.py&quot;, line 38, in __init__
    self.config = self._load_config(config_path)
                  ~~~~~~~~~~~~~~~~~^^^^^^^^^^^^^
  File &quot;/workspace/spider.py&quot;, line 55, in _load_config
    return SpiderConfig(**target_config)
TypeError: SpiderConfig.__init__() got an unexpected keyword argument &#39;avd_name&#39;
</error>
    </testcase>
    <testcase name="TestMobileSpider.test_mobile_spider_config_creation" time="0.000"/>
    <testcase name="TestMobileSpider.test_mobile_spider_initialization" time="0.001">
      <error message="SpiderConfig.__init__() got an unexpected keyword argument &#39;avd_name&#39;">Traceback (most recent call last):
  File &quot;/workspace/tests/test_framework.py&quot;, line 219, in _run_test_case
    await method()
  File &quot;/workspace/tests/test_mobile.py&quot;, line 218, in test_mobile_spider_initialization
    spider = MobileSpider(
        target=&quot;mobile_test&quot;,
    ...&lt;2 lines&gt;...
        logger=self.logger
    )
  File &quot;/workspace/mobile_spider.py&quot;, line 55, in __init__
    super().__init__(target, config_path, workers, logger)
    ~~~~~~~~~~~~~~~~^^^^^^^^^^^^^^^^^^^^^^^^^^^^^^^^^^^^^^
  File &quot;/workspace/spider.py&quot;, line 38, in __init__
    self.config = self._load_config(config_path)
                  ~~~~~~~~~~~~~~~~~^^^^^^^^^^^^^
  File &quot;/workspace/spider.py&quot;, line 55, in _load_config
    return SpiderConfig(**target_config)
TypeError: SpiderConfig.__init__() got an unexpected keyword argument &#39;avd_name&#39;
</error>
    </testcase>
    <testcase name="TestMobileSpider.test_setup_mobile_environment" time="0.000">
      <error message="SpiderConfig.__init__() got an unexpected keyword argument &#39;avd_name&#39;">Traceback (most recent call last):
  File &quot;/workspace/tests/test_framework.py&quot;, line 219, in _run_test_case
    await method()
  File &quot;/workspace/tests/test_mobile.py&quot;, line 247, in test_setup_mobile_environment
    spider = MobileSpider(
        target=&quot;mobile_test&quot;,
        config_path=self.config_file,
        logger=self.logger
    )
  File &quot;/workspace/mobile_spider.py&quot;, line 55, in __init__
    super().__init__(target, config_path, workers, logger)
    ~~~~~~~~~~~~~~~~^^^^^^^^^^^^^^^^^^^^^^^^^^^^^^^^^^^^^^
  File &quot;/workspace/spider.py&quot;, line 38, in __init__
    self.config = self._load_config(config_path)
                  ~~~~~~~~~~~~~~~~~^^^^^^^^^^^^^
  File &quot;/workspace/spider.py&quot;, line 55, in _load_config
    return SpiderConfig(**target_config)
TypeError: SpiderConfig.__init__() got an unexpected keyword argument &#39;avd_name&#39;
</error>
    </testcase>
    <testcase name="TestMobileSpiderIntegration.test_extract_list_data" time="0.001">
      <error message="SpiderConfig.__init__() got an unexpected keyword argument &#39;avd_name&#39;">Traceback (most recent call last):
  File &quot;/workspace/tests/test_framework.py&quot;, line 219, in _run_test_case
    await method()
  File &quot;/workspace/tests/test_mobile.py&quot;, line 379, in test_extract_list_data
    spider = MobileSpider(
        target=&quot;mobile_integration&quot;,
        config_path=self.config_file,
        logger=self.logger
    )
  File &quot;/workspace/mobile_spider.py&quot;, line 55, in __init__
    super().__init__(target, config_path, workers, logger)
    ~~~~~~~~~~~~~~~~^^^^^^^^^^^^^^^^^^^^^^^^^^^^^^^^^^^^^^
  File &quot;/workspace/spider.py&quot;, line 38, in __init__
    self.config = self._load_config(config_path)
                  ~~~~~~~~~~~~~~~~~^^^^^^^^^^^^^
  File &quot;/workspace/spider.py&quot;, line 55, in _load_config
    return SpiderConfig(**target_config)
TypeError: SpiderConfig.__init__() got an unexpected keyword argument &#39;avd_name&#39;
</error>
    </testcase>
    <testcase name="TestMobileSpiderIntegration.test_mobile_spider_full_workflow" time="0.001">
      <error message="SpiderConfig.__init__() got an unexpected keyword argument &#39;avd_name&#39;">Traceback (most recent call last):
  File &quot;/workspace/tests/test_framework.py&quot;, line 219, in _run_test_case
    await method()
  File &quot;/workspace/tests/test_mobile.py&quot;, line 324, in test_mobile_spider_full_workflow
    spider = TestMobileSpiderImpl(
        target=&quot;mobile_integration&quot;,
    ...&lt;2 lines&gt;...
        logger=self.logger
    )
  File &quot;/workspace/mobile_spider.py&quot;, line 55, in __init__
    super().__init__(target, config_path, workers, logger)
    ~~~~~~~~~~~~~~~~^^^^^^^^^^^^^^^^^^^^^^^^^^^^^^^^^^^^^^
  File &quot;/workspace/spider.py&quot;, line 38, in __init__
    self.config = self._load_config(config_path)
                  ~~~~~~~~~~~~~~~~~^^^^^^^^^^^^^
  File &quot;/workspace/spider.py&quot;, line 55, in _load_config
    return SpiderConfig(**target_config)
TypeError: SpiderConfig.__init__() got an unexpected keyword argument &#39;avd_name&#39;
</error>
    </testcase>
    <testcase name="TestMobileSpiderIntegration.test_navigate_to_url" time="0.001">
      <error message="SpiderConfig.__init__() got an unexpected keyword argument &#39;avd_name&#39;">Traceback (most recent call last):
  File &quot;/workspace/tests/test_framework.py&quot;, line 219, in _run_test_case
    await method()
  File &quot;/workspace/tests/test_mobile.py&quot;, line 359, in test_navigate_to_url
    spider = MobileSpider(
        target=&quot;mobile_integration&quot;,
        config_path=self.config_file,
        logger=self.logger
    )
  File &quot;/workspace/mobile_spider.py&quot;, line 55, in __init__
    super().__init__(target, config_path, workers, logger)
    ~~~~~~~~~~~~~~~~^^^^^^^^^^^^^^^^^^^^^^^^^^^^^^^^^^^^^^
  File &quot;/workspace/spider.py&quot;, line 38, in __init__
    self.config = self._load_config(config_path)
                  ~~~~~~~~~~~~~~~~~^^^^^^^^^^^^^
  File &quot;/workspace/spider.py&quot;, line 55, in _load_config
    return SpiderConfig(**target_config)
TypeError: SpiderConfig.__init__() got an unexpected keyword argument &#39;avd_name&#39;
</error>
    </testcase>
    <testcase name="TestMobileSpiderIntegration.test_scroll_and_collect" time="0.001">
      <error message="SpiderConfig.__init__() got an unexpected keyword argument &#39;avd_name&#39;">Traceback (most recent call last):
  File &quot;/workspace/tests/test_framework.py&quot;, line 219, in _run_test_case
    await method()
  File &quot;/workspace/tests/test_mobile.py&quot;, line 408, in test_scroll_and_collect
    spider = MobileSpider(
        target=&quot;mobile_integration&quot;,
        config_path=self.config_file,
        logger=self.logger
    )
  File &quot;/workspace/mobile_spider.py&quot;, line 55, in __init__
    super().__init__(target, config_path, workers, logger)
    ~~~~~~~~~~~~~~~~^^^^^^^^^^^^^^^^^^^^^^^^^^^^^^^^^^^^^^
  File &quot;/workspace/spider.py&quot;, line 38, in __init__
    self.config = self._load_config(config_path)
                  ~~~~~~~~~~~~~~~~~^^^^^^^^^^^^^
  File &quot;/workspace/spider.py&quot;, line 55, in _load_config
    return SpiderConfig(**target_config)
TypeError: SpiderConfig.__init__() got an unexpected keyword argument &#39;avd_name&#39;
</error>
    </testcase>
  </testsuite>
  <testsuite name="Integration Tests" tests="8" failures="0" errors="0" time="0.475">
    <testcase name="TestSpiderIntegration.test_end_to_end_spider_workflow" time="0.224"/>
    <testcase name="TestExampleSpiderIntegration.test_example_spider_workflow" time="0.122"/>
    <testcase name="TestErrorHandling.test_network_error_handling" time="0.047"/>
    <testcase name="TestErrorHandling.test_parse_response_error" time="0.018"/>
    <testcase name="TestConfigurationEdgeCases.test_empty_config_file" time="0.000"/>
    <testcase name="TestConfigurationEdgeCases.test_malformed_config_file" time="0.000"/>
    <testcase name="TestPerformance.test_concurrent_processing" time="0.061"/>
    <testcase name="TestDataFlow.test_data_pipeline" time="0.001"/>
  </testsuite>
</testsuites>
